[2025-10-01 08:04:06] INFO: Database connection established {"driver":"mysql","host":"db","database":"block_cms","connection_time":"0.94ms"}
[2025-10-01 08:04:06] INFO: Database connection established {"driver":"mysql","host":"db","database":"block_cms","connection_time":"0.5ms"}
[2025-10-01 08:04:06] DEBUG: Record inserted {"table":"tags","insert_id":169,"data_keys":["name","slug","description","color","is_featured","created_at","updated_at"]}
[2025-10-01 08:04:06] INFO: Database connection established {"driver":"mysql","host":"db","database":"block_cms","connection_time":"0.48ms"}
[2025-10-01 08:04:16] INFO: Database connection established {"driver":"mysql","host":"db","database":"block_cms","connection_time":"1.19ms"}
[2025-10-01 08:04:17] INFO: Database connection established {"driver":"mysql","host":"db","database":"block_cms","connection_time":"2.08ms"}
[2025-10-01 08:06:10] INFO: Database connection established {"driver":"mysql","host":"db","database":"block_cms","connection_time":"1.29ms"}
[2025-10-01 08:06:10] INFO: Database connection established {"driver":"mysql","host":"db","database":"block_cms","connection_time":"1.37ms"}
[2025-10-01 08:06:10] INFO: Database connection established {"driver":"mysql","host":"db","database":"block_cms","connection_time":"1.11ms"}
[2025-10-01 08:06:10] INFO: Database connection established {"driver":"mysql","host":"db","database":"block_cms","connection_time":"1.25ms"}
[2025-10-01 08:06:10] INFO: Database connection established {"driver":"mysql","host":"db","database":"block_cms","connection_time":"1.2ms"}
[2025-10-01 08:06:10] INFO: Database connection established {"driver":"mysql","host":"db","database":"block_cms","connection_time":"0.77ms"}
[2025-10-01 08:06:15] INFO: Database connection established {"driver":"mysql","host":"db","database":"block_cms","connection_time":"1.95ms"}
[2025-10-01 08:06:27] INFO: Database connection established {"driver":"mysql","host":"db","database":"block_cms","connection_time":"1.11ms"}
[2025-10-01 08:06:27] INFO: Database connection established {"driver":"mysql","host":"db","database":"block_cms","connection_time":"0.78ms"}
[2025-10-01 08:06:27] DEBUG: Record inserted {"table":"tags","insert_id":170,"data_keys":["name","slug","description","color","is_featured","created_at","updated_at"]}
[2025-10-01 08:06:27] INFO: Database connection established {"driver":"mysql","host":"db","database":"block_cms","connection_time":"0.75ms"}
[2025-10-01 08:07:38] INFO: Database connection established {"driver":"mysql","host":"db","database":"block_cms","connection_time":"1.14ms"}
[2025-10-01 08:07:38] INFO: Database connection established {"driver":"mysql","host":"db","database":"block_cms","connection_time":"0.87ms"}
[2025-10-01 08:07:38] INFO: Database connection established {"driver":"mysql","host":"db","database":"block_cms","connection_time":"0.59ms"}
[2025-10-01 08:07:38] INFO: Database connection established {"driver":"mysql","host":"db","database":"block_cms","connection_time":"0.67ms"}
[2025-10-01 08:07:38] INFO: Database connection established {"driver":"mysql","host":"db","database":"block_cms","connection_time":"0.98ms"}
[2025-10-01 08:07:38] INFO: Database connection established {"driver":"mysql","host":"db","database":"block_cms","connection_time":"0.55ms"}
[2025-10-01 08:07:43] INFO: Database connection established {"driver":"mysql","host":"db","database":"block_cms","connection_time":"1.15ms"}
[2025-10-01 08:07:57] INFO: Database connection established {"driver":"mysql","host":"db","database":"block_cms","connection_time":"1.18ms"}
[2025-10-01 08:07:57] INFO: Database connection established {"driver":"mysql","host":"db","database":"block_cms","connection_time":"0.93ms"}
[2025-10-01 08:07:57] DEBUG: Record inserted {"table":"tags","insert_id":171,"data_keys":["name","slug","description","color","is_featured","created_at","updated_at"]}
[2025-10-01 08:07:57] INFO: Database connection established {"driver":"mysql","host":"db","database":"block_cms","connection_time":"0.74ms"}
[2025-10-01 08:08:03] INFO: Database connection established {"driver":"mysql","host":"db","database":"block_cms","connection_time":"1.33ms"}
[2025-10-01 08:08:54] INFO: Database connection established {"driver":"mysql","host":"db","database":"block_cms","connection_time":"2.47ms"}
[2025-10-01 08:08:54] INFO: Database connection established {"driver":"mysql","host":"db","database":"block_cms","connection_time":"1.03ms"}
[2025-10-01 08:08:54] INFO: Database connection established {"driver":"mysql","host":"db","database":"block_cms","connection_time":"1ms"}
[2025-10-01 08:08:54] INFO: Database connection established {"driver":"mysql","host":"db","database":"block_cms","connection_time":"1.55ms"}
[2025-10-01 08:08:54] INFO: Database connection established {"driver":"mysql","host":"db","database":"block_cms","connection_time":"1.24ms"}
[2025-10-01 08:08:54] INFO: Database connection established {"driver":"mysql","host":"db","database":"block_cms","connection_time":"0.83ms"}
[2025-10-01 08:09:14] INFO: Database connection established {"driver":"mysql","host":"db","database":"block_cms","connection_time":"1.26ms"}
[2025-10-01 08:09:14] INFO: Database connection established {"driver":"mysql","host":"db","database":"block_cms","connection_time":"0.72ms"}
[2025-10-01 08:09:14] DEBUG: Record inserted {"table":"tags","insert_id":172,"data_keys":["name","slug","description","color","is_featured","created_at","updated_at"]}
[2025-10-01 08:09:14] INFO: Database connection established {"driver":"mysql","host":"db","database":"block_cms","connection_time":"0.72ms"}
[2025-10-01 08:09:24] INFO: Database connection established {"driver":"mysql","host":"db","database":"block_cms","connection_time":"1.46ms"}
[2025-10-01 08:09:24] INFO: Database connection established {"driver":"mysql","host":"db","database":"block_cms","connection_time":"0.75ms"}
[2025-10-01 08:09:24] INFO: Database connection established {"driver":"mysql","host":"db","database":"block_cms","connection_time":"0.71ms"}
[2025-10-01 08:09:24] INFO: Database connection established {"driver":"mysql","host":"db","database":"block_cms","connection_time":"0.57ms"}
[2025-10-01 08:09:24] INFO: Database connection established {"driver":"mysql","host":"db","database":"block_cms","connection_time":"0.64ms"}
[2025-10-01 08:09:24] INFO: Database connection established {"driver":"mysql","host":"db","database":"block_cms","connection_time":"0.74ms"}
[2025-10-01 08:09:58] INFO: Database connection established {"driver":"mysql","host":"db","database":"block_cms","connection_time":"1.29ms"}
[2025-10-01 08:09:58] INFO: Database connection established {"driver":"mysql","host":"db","database":"block_cms","connection_time":"1.79ms"}
[2025-10-01 08:09:58] INFO: Database connection established {"driver":"mysql","host":"db","database":"block_cms","connection_time":"0.63ms"}
[2025-10-01 08:09:58] INFO: Database connection established {"driver":"mysql","host":"db","database":"block_cms","connection_time":"0.79ms"}
[2025-10-01 08:09:58] INFO: Database connection established {"driver":"mysql","host":"db","database":"block_cms","connection_time":"0.66ms"}
[2025-10-01 08:09:58] INFO: Database connection established {"driver":"mysql","host":"db","database":"block_cms","connection_time":"0.86ms"}
[2025-10-01 08:09:58] INFO: Database connection established {"driver":"mysql","host":"db","database":"block_cms","connection_time":"1.07ms"}
[2025-10-01 08:13:47] INFO: Database connection established {"driver":"mysql","host":"db","database":"block_cms","connection_time":"1.26ms"}
[2025-10-01 08:13:47] INFO: Database connection established {"driver":"mysql","host":"db","database":"block_cms","connection_time":"0.77ms"}
[2025-10-01 08:13:47] INFO: Database connection established {"driver":"mysql","host":"db","database":"block_cms","connection_time":"1.24ms"}
[2025-10-01 08:13:47] INFO: Database connection established {"driver":"mysql","host":"db","database":"block_cms","connection_time":"0.65ms"}
[2025-10-01 08:13:47] INFO: Database connection established {"driver":"mysql","host":"db","database":"block_cms","connection_time":"0.72ms"}
[2025-10-01 08:13:47] INFO: Database connection established {"driver":"mysql","host":"db","database":"block_cms","connection_time":"0.58ms"}
[2025-10-01 08:13:47] INFO: Database connection established {"driver":"mysql","host":"db","database":"block_cms","connection_time":"0.42ms"}
[2025-10-01 08:14:41] INFO: Database connection established {"driver":"mysql","host":"db","database":"block_cms","connection_time":"1ms"}
[2025-10-01 08:14:41] INFO: Database connection established {"driver":"mysql","host":"db","database":"block_cms","connection_time":"1.21ms"}
[2025-10-01 08:14:41] INFO: Database connection established {"driver":"mysql","host":"db","database":"block_cms","connection_time":"0.49ms"}
[2025-10-01 08:14:41] INFO: Database connection established {"driver":"mysql","host":"db","database":"block_cms","connection_time":"0.95ms"}
[2025-10-01 08:14:41] INFO: Database connection established {"driver":"mysql","host":"db","database":"block_cms","connection_time":"0.68ms"}
[2025-10-01 08:14:41] INFO: Database connection established {"driver":"mysql","host":"db","database":"block_cms","connection_time":"0.79ms"}
[2025-10-01 08:14:41] INFO: Database connection established {"driver":"mysql","host":"db","database":"block_cms","connection_time":"1.02ms"}
[2025-10-01 08:15:35] INFO: Database connection established {"driver":"mysql","host":"db","database":"block_cms","connection_time":"1.08ms"}
[2025-10-01 08:15:35] INFO: Database connection established {"driver":"mysql","host":"db","database":"block_cms","connection_time":"0.65ms"}
[2025-10-01 08:15:35] DEBUG: Database transaction started
[2025-10-01 08:15:35] DEBUG: Record inserted {"table":"authors","insert_id":4,"data_keys":["name","slug","email","bio","avatar","website","twitter","linkedin","facebook","status","created_at","updated_at"]}
[2025-10-01 08:15:35] DEBUG: Database transaction committed
[2025-10-01 08:17:00] INFO: Database connection established {"driver":"mysql","host":"db","database":"block_cms","connection_time":"0.98ms"}
[2025-10-01 08:17:00] INFO: Database connection established {"driver":"mysql","host":"db","database":"block_cms","connection_time":"0.85ms"}
[2025-10-01 08:17:00] INFO: Database connection established {"driver":"mysql","host":"db","database":"block_cms","connection_time":"0.92ms"}
[2025-10-01 08:17:00] INFO: Database connection established {"driver":"mysql","host":"db","database":"block_cms","connection_time":"1.06ms"}
[2025-10-01 08:17:00] INFO: Database connection established {"driver":"mysql","host":"db","database":"block_cms","connection_time":"0.97ms"}
[2025-10-01 08:17:00] INFO: Database connection established {"driver":"mysql","host":"db","database":"block_cms","connection_time":"0.68ms"}
[2025-10-01 08:17:00] INFO: Database connection established {"driver":"mysql","host":"db","database":"block_cms","connection_time":"1ms"}
[2025-10-01 08:17:38] INFO: Database connection established {"driver":"mysql","host":"db","database":"block_cms","connection_time":"1.53ms"}
[2025-10-01 08:17:38] INFO: Database connection established {"driver":"mysql","host":"db","database":"block_cms","connection_time":"0.81ms"}
[2025-10-01 08:18:18] INFO: Database connection established {"driver":"mysql","host":"db","database":"block_cms","connection_time":"1.36ms"}
[2025-10-01 08:18:18] INFO: Database connection established {"driver":"mysql","host":"db","database":"block_cms","connection_time":"0.86ms"}
[2025-10-01 08:18:18] DEBUG: Database transaction started
[2025-10-01 08:18:18] DEBUG: Record inserted {"table":"authors","insert_id":5,"data_keys":["name","slug","email","bio","avatar","website","twitter","linkedin","facebook","status","created_at","updated_at"]}
[2025-10-01 08:18:18] DEBUG: Database transaction committed
[2025-10-01 08:18:40] INFO: Database connection established {"driver":"mysql","host":"db","database":"block_cms","connection_time":"1.25ms"}
[2025-10-01 08:18:40] INFO: Database connection established {"driver":"mysql","host":"db","database":"block_cms","connection_time":"1.12ms"}
[2025-10-01 08:18:40] INFO: Database connection established {"driver":"mysql","host":"db","database":"block_cms","connection_time":"0.87ms"}
[2025-10-01 08:18:40] INFO: Database connection established {"driver":"mysql","host":"db","database":"block_cms","connection_time":"1.37ms"}
[2025-10-01 08:18:40] INFO: Database connection established {"driver":"mysql","host":"db","database":"block_cms","connection_time":"1.15ms"}
[2025-10-01 08:18:40] INFO: Database connection established {"driver":"mysql","host":"db","database":"block_cms","connection_time":"0.66ms"}
[2025-10-01 08:18:40] INFO: Database connection established {"driver":"mysql","host":"db","database":"block_cms","connection_time":"0.54ms"}
[2025-10-01 08:19:16] INFO: Database connection established {"driver":"mysql","host":"db","database":"block_cms","connection_time":"1.1ms"}
[2025-10-01 08:19:16] INFO: Database connection established {"driver":"mysql","host":"db","database":"block_cms","connection_time":"0.84ms"}
[2025-10-01 08:19:16] DEBUG: Database transaction started
[2025-10-01 08:19:16] DEBUG: Record inserted {"table":"authors","insert_id":6,"data_keys":["name","slug","email","bio","avatar","website","twitter","linkedin","facebook","status","created_at","updated_at"]}
[2025-10-01 08:19:16] DEBUG: Database transaction committed
[2025-10-01 08:19:31] INFO: Database connection established {"driver":"mysql","host":"db","database":"block_cms","connection_time":"1.54ms"}
[2025-10-01 08:19:31] INFO: Database connection established {"driver":"mysql","host":"db","database":"block_cms","connection_time":"1.03ms"}
[2025-10-01 08:19:31] INFO: Database connection established {"driver":"mysql","host":"db","database":"block_cms","connection_time":"0.75ms"}
[2025-10-01 08:19:31] INFO: Database connection established {"driver":"mysql","host":"db","database":"block_cms","connection_time":"1.06ms"}
[2025-10-01 08:19:31] INFO: Database connection established {"driver":"mysql","host":"db","database":"block_cms","connection_time":"1.15ms"}
[2025-10-01 08:19:31] INFO: Database connection established {"driver":"mysql","host":"db","database":"block_cms","connection_time":"0.73ms"}
[2025-10-01 08:19:31] INFO: Database connection established {"driver":"mysql","host":"db","database":"block_cms","connection_time":"0.77ms"}
[2025-10-01 08:20:32] INFO: Database connection established {"driver":"mysql","host":"db","database":"block_cms","connection_time":"1.19ms"}
[2025-10-01 08:20:32] INFO: Database connection established {"driver":"mysql","host":"db","database":"block_cms","connection_time":"1.11ms"}
[2025-10-01 08:20:32] INFO: Database connection established {"driver":"mysql","host":"db","database":"block_cms","connection_time":"0.68ms"}
[2025-10-01 08:20:32] INFO: Database connection established {"driver":"mysql","host":"db","database":"block_cms","connection_time":"1.08ms"}
[2025-10-01 08:20:32] INFO: Database connection established {"driver":"mysql","host":"db","database":"block_cms","connection_time":"1.84ms"}
[2025-10-01 08:20:32] INFO: Database connection established {"driver":"mysql","host":"db","database":"block_cms","connection_time":"0.6ms"}
[2025-10-01 08:20:32] INFO: Database connection established {"driver":"mysql","host":"db","database":"block_cms","connection_time":"0.46ms"}
[2025-10-01 08:21:15] INFO: Database connection established {"driver":"mysql","host":"db","database":"block_cms","connection_time":"1.43ms"}
[2025-10-01 08:21:15] INFO: Database connection established {"driver":"mysql","host":"db","database":"block_cms","connection_time":"0.81ms"}
[2025-10-01 08:21:15] INFO: Database connection established {"driver":"mysql","host":"db","database":"block_cms","connection_time":"0.54ms"}
[2025-10-01 08:21:15] INFO: Database connection established {"driver":"mysql","host":"db","database":"block_cms","connection_time":"0.63ms"}
[2025-10-01 08:21:15] INFO: Database connection established {"driver":"mysql","host":"db","database":"block_cms","connection_time":"1.44ms"}
[2025-10-01 08:21:15] INFO: Database connection established {"driver":"mysql","host":"db","database":"block_cms","connection_time":"1.36ms"}
[2025-10-01 08:21:15] INFO: Database connection established {"driver":"mysql","host":"db","database":"block_cms","connection_time":"0.96ms"}
[2025-10-01 08:22:12] INFO: Database connection established {"driver":"mysql","host":"db","database":"block_cms","connection_time":"1.01ms"}
[2025-10-01 08:22:12] INFO: Database connection established {"driver":"mysql","host":"db","database":"block_cms","connection_time":"1.76ms"}
[2025-10-01 08:22:12] INFO: Database connection established {"driver":"mysql","host":"db","database":"block_cms","connection_time":"1.07ms"}
[2025-10-01 08:22:12] INFO: Database connection established {"driver":"mysql","host":"db","database":"block_cms","connection_time":"1.51ms"}
[2025-10-01 08:22:12] INFO: Database connection established {"driver":"mysql","host":"db","database":"block_cms","connection_time":"0.8ms"}
[2025-10-01 08:22:12] INFO: Database connection established {"driver":"mysql","host":"db","database":"block_cms","connection_time":"1.55ms"}
[2025-10-01 08:22:12] INFO: Database connection established {"driver":"mysql","host":"db","database":"block_cms","connection_time":"0.64ms"}
[2025-10-01 08:22:38] INFO: Database connection established {"driver":"mysql","host":"db","database":"block_cms","connection_time":"1.56ms"}
[2025-10-01 08:22:38] INFO: Database connection established {"driver":"mysql","host":"db","database":"block_cms","connection_time":"1.48ms"}
[2025-10-01 08:22:38] INFO: Database connection established {"driver":"mysql","host":"db","database":"block_cms","connection_time":"0.87ms"}
[2025-10-01 08:22:38] INFO: Database connection established {"driver":"mysql","host":"db","database":"block_cms","connection_time":"0.89ms"}
[2025-10-01 08:22:38] INFO: Database connection established {"driver":"mysql","host":"db","database":"block_cms","connection_time":"1.69ms"}
[2025-10-01 08:22:38] INFO: Database connection established {"driver":"mysql","host":"db","database":"block_cms","connection_time":"1.96ms"}
[2025-10-01 08:22:38] INFO: Database connection established {"driver":"mysql","host":"db","database":"block_cms","connection_time":"2.43ms"}
[2025-10-01 08:37:23] INFO: Database connection established {"driver":"mysql","host":"db","database":"block_cms","connection_time":"0.74ms"}
[2025-10-01 08:37:23] INFO: Database connection established {"driver":"mysql","host":"db","database":"block_cms","connection_time":"0.9ms"}
[2025-10-01 08:37:23] INFO: Database connection established {"driver":"mysql","host":"db","database":"block_cms","connection_time":"0.54ms"}
[2025-10-01 08:37:23] INFO: Database connection established {"driver":"mysql","host":"db","database":"block_cms","connection_time":"0.66ms"}
[2025-10-01 08:37:23] INFO: Database connection established {"driver":"mysql","host":"db","database":"block_cms","connection_time":"0.68ms"}
[2025-10-01 08:37:23] INFO: Database connection established {"driver":"mysql","host":"db","database":"block_cms","connection_time":"0.47ms"}
[2025-10-01 08:37:23] INFO: Database connection established {"driver":"mysql","host":"db","database":"block_cms","connection_time":"0.45ms"}
[2025-10-01 08:37:42] INFO: Database connection established {"driver":"mysql","host":"db","database":"block_cms","connection_time":"0.95ms"}
[2025-10-01 08:37:42] INFO: Database connection established {"driver":"mysql","host":"db","database":"block_cms","connection_time":"0.96ms"}
[2025-10-01 08:37:42] DEBUG: Record inserted {"table":"tags","insert_id":173,"data_keys":["name","slug","description","color","is_featured","created_at","updated_at"]}
[2025-10-01 08:37:42] INFO: Database connection established {"driver":"mysql","host":"db","database":"block_cms","connection_time":"0.62ms"}
[2025-10-01 08:38:07] INFO: Database connection established {"driver":"mysql","host":"db","database":"block_cms","connection_time":"1.56ms"}
[2025-10-01 08:38:09] INFO: Database connection established {"driver":"mysql","host":"db","database":"block_cms","connection_time":"1.71ms"}
[2025-10-01 08:38:09] INFO: Database connection established {"driver":"mysql","host":"db","database":"block_cms","connection_time":"1.3ms"}
[2025-10-01 08:38:11] INFO: Database connection established {"driver":"mysql","host":"db","database":"block_cms","connection_time":"1.72ms"}
[2025-10-01 08:38:12] INFO: Database connection established {"driver":"mysql","host":"db","database":"block_cms","connection_time":"1.83ms"}
[2025-10-01 08:38:20] INFO: Database connection established {"driver":"mysql","host":"db","database":"block_cms","connection_time":"0.68ms"}
[2025-10-01 08:39:02] INFO: Database connection established {"driver":"mysql","host":"db","database":"block_cms","connection_time":"0.94ms"}
[2025-10-01 08:39:35] INFO: Database connection established {"driver":"mysql","host":"db","database":"block_cms","connection_time":"1.06ms"}
[2025-10-01 08:39:41] INFO: Database connection established {"driver":"mysql","host":"db","database":"block_cms","connection_time":"1.49ms"}
[2025-10-01 08:40:44] INFO: Database connection established {"driver":"mysql","host":"db","database":"block_cms","connection_time":"1.84ms"}
[2025-10-01 08:40:48] INFO: Database connection established {"driver":"mysql","host":"db","database":"block_cms","connection_time":"1.1ms"}
[2025-10-01 08:40:48] INFO: Database connection established {"driver":"mysql","host":"db","database":"block_cms","connection_time":"1.03ms"}
[2025-10-01 08:40:48] INFO: Database connection established {"driver":"mysql","host":"db","database":"block_cms","connection_time":"1ms"}
[2025-10-01 08:40:48] INFO: Database connection established {"driver":"mysql","host":"db","database":"block_cms","connection_time":"0.74ms"}
[2025-10-01 08:40:48] INFO: Database connection established {"driver":"mysql","host":"db","database":"block_cms","connection_time":"0.94ms"}
[2025-10-01 08:40:48] INFO: Database connection established {"driver":"mysql","host":"db","database":"block_cms","connection_time":"0.99ms"}
[2025-10-01 08:40:48] INFO: Database connection established {"driver":"mysql","host":"db","database":"block_cms","connection_time":"0.91ms"}
[2025-10-01 08:40:54] INFO: Database connection established {"driver":"mysql","host":"db","database":"block_cms","connection_time":"1.06ms"}
[2025-10-01 08:40:55] INFO: Database connection established {"driver":"mysql","host":"db","database":"block_cms","connection_time":"1.71ms"}
[2025-10-01 08:40:56] INFO: Database connection established {"driver":"mysql","host":"db","database":"block_cms","connection_time":"1.15ms"}
[2025-10-01 08:40:57] INFO: Database connection established {"driver":"mysql","host":"db","database":"block_cms","connection_time":"1.82ms"}
[2025-10-01 08:40:58] INFO: Database connection established {"driver":"mysql","host":"db","database":"block_cms","connection_time":"1.79ms"}
[2025-10-01 08:40:59] INFO: Database connection established {"driver":"mysql","host":"db","database":"block_cms","connection_time":"1.7ms"}
[2025-10-01 08:40:59] INFO: Database connection established {"driver":"mysql","host":"db","database":"block_cms","connection_time":"1.68ms"}
[2025-10-01 08:41:00] INFO: Database connection established {"driver":"mysql","host":"db","database":"block_cms","connection_time":"1.77ms"}
[2025-10-01 08:41:00] INFO: Database connection established {"driver":"mysql","host":"db","database":"block_cms","connection_time":"1.51ms"}
[2025-10-01 08:41:13] INFO: Database connection established {"driver":"mysql","host":"db","database":"block_cms","connection_time":"0.84ms"}
[2025-10-01 08:41:13] INFO: Database connection established {"driver":"mysql","host":"db","database":"block_cms","connection_time":"0.8ms"}
[2025-10-01 08:41:13] DEBUG: Record inserted {"table":"tags","insert_id":174,"data_keys":["name","slug","description","color","is_featured","created_at","updated_at"]}
[2025-10-01 08:41:13] INFO: Database connection established {"driver":"mysql","host":"db","database":"block_cms","connection_time":"0.59ms"}
[2025-10-01 08:44:11] INFO: Database connection established {"driver":"mysql","host":"db","database":"block_cms","connection_time":"1.32ms"}
[2025-10-01 08:44:11] INFO: Database connection established {"driver":"mysql","host":"db","database":"block_cms","connection_time":"1ms"}
[2025-10-01 08:44:11] INFO: Database connection established {"driver":"mysql","host":"db","database":"block_cms","connection_time":"0.85ms"}
[2025-10-01 08:44:11] INFO: Database connection established {"driver":"mysql","host":"db","database":"block_cms","connection_time":"0.6ms"}
[2025-10-01 08:44:11] INFO: Database connection established {"driver":"mysql","host":"db","database":"block_cms","connection_time":"0.85ms"}
[2025-10-01 08:44:11] INFO: Database connection established {"driver":"mysql","host":"db","database":"block_cms","connection_time":"0.53ms"}
[2025-10-01 08:44:11] INFO: Database connection established {"driver":"mysql","host":"db","database":"block_cms","connection_time":"0.65ms"}
[2025-10-01 08:44:25] INFO: Database connection established {"driver":"mysql","host":"db","database":"block_cms","connection_time":"1.17ms"}
[2025-10-01 08:44:25] INFO: Database connection established {"driver":"mysql","host":"db","database":"block_cms","connection_time":"0.78ms"}
[2025-10-01 08:44:25] DEBUG: Record inserted {"table":"tags","insert_id":175,"data_keys":["name","slug","description","color","is_featured","created_at","updated_at"]}
[2025-10-01 08:44:25] INFO: Database connection established {"driver":"mysql","host":"db","database":"block_cms","connection_time":"0.6ms"}
[2025-10-01 08:45:21] INFO: Database connection established {"driver":"mysql","host":"db","database":"block_cms","connection_time":"1.14ms"}
[2025-10-01 08:45:21] INFO: Database connection established {"driver":"mysql","host":"db","database":"block_cms","connection_time":"1.32ms"}
[2025-10-01 08:45:21] INFO: Database connection established {"driver":"mysql","host":"db","database":"block_cms","connection_time":"0.62ms"}
[2025-10-01 08:45:21] INFO: Database connection established {"driver":"mysql","host":"db","database":"block_cms","connection_time":"0.48ms"}
[2025-10-01 08:45:21] INFO: Database connection established {"driver":"mysql","host":"db","database":"block_cms","connection_time":"0.49ms"}
[2025-10-01 08:45:21] INFO: Database connection established {"driver":"mysql","host":"db","database":"block_cms","connection_time":"0.47ms"}
[2025-10-01 08:45:21] INFO: Database connection established {"driver":"mysql","host":"db","database":"block_cms","connection_time":"1.12ms"}
[2025-10-01 08:45:33] INFO: Database connection established {"driver":"mysql","host":"db","database":"block_cms","connection_time":"1.02ms"}
[2025-10-01 08:45:33] INFO: Database connection established {"driver":"mysql","host":"db","database":"block_cms","connection_time":"0.84ms"}
[2025-10-01 08:45:33] DEBUG: Record inserted {"table":"tags","insert_id":176,"data_keys":["name","slug","description","color","is_featured","created_at","updated_at"]}
[2025-10-01 08:45:33] INFO: Database connection established {"driver":"mysql","host":"db","database":"block_cms","connection_time":"0.67ms"}
[2025-10-01 08:46:10] INFO: Database connection established {"driver":"mysql","host":"db","database":"block_cms","connection_time":"0.79ms"}
[2025-10-01 08:46:10] INFO: Database connection established {"driver":"mysql","host":"db","database":"block_cms","connection_time":"1.1ms"}
[2025-10-01 08:46:10] INFO: Database connection established {"driver":"mysql","host":"db","database":"block_cms","connection_time":"0.58ms"}
[2025-10-01 08:46:10] INFO: Database connection established {"driver":"mysql","host":"db","database":"block_cms","connection_time":"2.21ms"}
[2025-10-01 08:46:10] INFO: Database connection established {"driver":"mysql","host":"db","database":"block_cms","connection_time":"1.74ms"}
[2025-10-01 08:46:10] INFO: Database connection established {"driver":"mysql","host":"db","database":"block_cms","connection_time":"1ms"}
[2025-10-01 08:46:10] INFO: Database connection established {"driver":"mysql","host":"db","database":"block_cms","connection_time":"0.81ms"}
[2025-10-01 08:46:28] INFO: Database connection established {"driver":"mysql","host":"db","database":"block_cms","connection_time":"1.09ms"}
[2025-10-01 08:46:28] INFO: Database connection established {"driver":"mysql","host":"db","database":"block_cms","connection_time":"0.93ms"}
[2025-10-01 08:46:28] INFO: Database connection established {"driver":"mysql","host":"db","database":"block_cms","connection_time":"0.77ms"}
[2025-10-01 08:46:28] INFO: Database connection established {"driver":"mysql","host":"db","database":"block_cms","connection_time":"1.29ms"}
[2025-10-01 08:46:28] INFO: Database connection established {"driver":"mysql","host":"db","database":"block_cms","connection_time":"0.64ms"}
[2025-10-01 08:46:28] INFO: Database connection established {"driver":"mysql","host":"db","database":"block_cms","connection_time":"0.75ms"}
[2025-10-01 08:46:28] INFO: Database connection established {"driver":"mysql","host":"db","database":"block_cms","connection_time":"1.21ms"}
[2025-10-01 08:46:39] INFO: Database connection established {"driver":"mysql","host":"db","database":"block_cms","connection_time":"1.11ms"}
[2025-10-01 08:46:39] INFO: Database connection established {"driver":"mysql","host":"db","database":"block_cms","connection_time":"0.64ms"}
[2025-10-01 08:46:39] INFO: Database connection established {"driver":"mysql","host":"db","database":"block_cms","connection_time":"0.49ms"}
[2025-10-01 08:46:39] INFO: Database connection established {"driver":"mysql","host":"db","database":"block_cms","connection_time":"0.53ms"}
[2025-10-01 08:46:39] INFO: Database connection established {"driver":"mysql","host":"db","database":"block_cms","connection_time":"0.83ms"}
[2025-10-01 08:46:39] INFO: Database connection established {"driver":"mysql","host":"db","database":"block_cms","connection_time":"0.55ms"}
[2025-10-01 08:46:39] INFO: Database connection established {"driver":"mysql","host":"db","database":"block_cms","connection_time":"0.79ms"}
[2025-10-01 08:47:05] INFO: Database connection established {"driver":"mysql","host":"db","database":"block_cms","connection_time":"0.91ms"}
[2025-10-01 08:47:05] INFO: Database connection established {"driver":"mysql","host":"db","database":"block_cms","connection_time":"0.76ms"}
[2025-10-01 08:47:05] DEBUG: Record inserted {"table":"tags","insert_id":177,"data_keys":["name","slug","description","color","is_featured","created_at","updated_at"]}
[2025-10-01 08:47:05] INFO: Database connection established {"driver":"mysql","host":"db","database":"block_cms","connection_time":"0.7ms"}
[2025-10-01 08:49:32] INFO: Database connection established {"driver":"mysql","host":"db","database":"block_cms","connection_time":"1.33ms"}
[2025-10-01 08:49:32] INFO: Database connection established {"driver":"mysql","host":"db","database":"block_cms","connection_time":"0.9ms"}
[2025-10-01 08:49:32] DEBUG: Record inserted {"table":"categories","insert_id":88,"data_keys":["name","slug","description","sort_order","is_active","created_at","updated_at"]}
[2025-10-01 08:49:32] INFO: Database connection established {"driver":"mysql","host":"db","database":"block_cms","connection_time":"0.85ms"}
[2025-10-01 08:55:07] INFO: Database connection established {"driver":"mysql","host":"db","database":"block_cms","connection_time":"1ms"}
[2025-10-01 08:55:07] INFO: Database connection established {"driver":"mysql","host":"db","database":"block_cms","connection_time":"0.8ms"}
[2025-10-01 08:55:07] DEBUG: Record inserted {"table":"tags","insert_id":178,"data_keys":["name","slug","description","color","is_featured","created_at","updated_at"]}
[2025-10-01 08:55:07] INFO: Database connection established {"driver":"mysql","host":"db","database":"block_cms","connection_time":"0.68ms"}
[2025-10-01 08:57:50] INFO: Database connection established {"driver":"mysql","host":"db","database":"block_cms","connection_time":"2.09ms"}
[2025-10-01 08:57:50] INFO: Database connection established {"driver":"mysql","host":"db","database":"block_cms","connection_time":"0.84ms"}
[2025-10-01 08:57:50] DEBUG: Record inserted {"table":"tags","insert_id":179,"data_keys":["name","slug","description","color","is_featured","created_at","updated_at"]}
[2025-10-01 08:57:50] INFO: Database connection established {"driver":"mysql","host":"db","database":"block_cms","connection_time":"0.67ms"}
[2025-10-01 08:58:21] INFO: Database connection established {"driver":"mysql","host":"db","database":"block_cms","connection_time":"1.14ms"}
[2025-10-01 08:58:21] INFO: Database connection established {"driver":"mysql","host":"db","database":"block_cms","connection_time":"0.86ms"}
[2025-10-01 08:58:21] INFO: Database connection established {"driver":"mysql","host":"db","database":"block_cms","connection_time":"0.97ms"}
[2025-10-01 08:58:21] INFO: Database connection established {"driver":"mysql","host":"db","database":"block_cms","connection_time":"0.72ms"}
[2025-10-01 08:58:21] INFO: Database connection established {"driver":"mysql","host":"db","database":"block_cms","connection_time":"0.55ms"}
[2025-10-01 08:58:21] INFO: Database connection established {"driver":"mysql","host":"db","database":"block_cms","connection_time":"0.79ms"}
[2025-10-01 08:58:21] INFO: Database connection established {"driver":"mysql","host":"db","database":"block_cms","connection_time":"0.9ms"}
[2025-10-01 08:58:36] INFO: Database connection established {"driver":"mysql","host":"db","database":"block_cms","connection_time":"1.15ms"}
[2025-10-01 08:58:36] INFO: Database connection established {"driver":"mysql","host":"db","database":"block_cms","connection_time":"0.89ms"}
[2025-10-01 08:58:36] DEBUG: Record inserted {"table":"tags","insert_id":180,"data_keys":["name","slug","description","color","is_featured","created_at","updated_at"]}
[2025-10-01 08:58:36] INFO: Database connection established {"driver":"mysql","host":"db","database":"block_cms","connection_time":"0.79ms"}
[2025-10-01 08:59:49] INFO: Database connection established {"driver":"mysql","host":"db","database":"block_cms","connection_time":"1.43ms"}
[2025-10-01 08:59:49] INFO: Database connection established {"driver":"mysql","host":"db","database":"block_cms","connection_time":"1.6ms"}
[2025-10-01 08:59:49] INFO: Database connection established {"driver":"mysql","host":"db","database":"block_cms","connection_time":"0.89ms"}
[2025-10-01 08:59:49] INFO: Database connection established {"driver":"mysql","host":"db","database":"block_cms","connection_time":"1.22ms"}
[2025-10-01 08:59:49] INFO: Database connection established {"driver":"mysql","host":"db","database":"block_cms","connection_time":"0.98ms"}
[2025-10-01 08:59:49] INFO: Database connection established {"driver":"mysql","host":"db","database":"block_cms","connection_time":"1.96ms"}
[2025-10-01 08:59:49] INFO: Database connection established {"driver":"mysql","host":"db","database":"block_cms","connection_time":"0.75ms"}
[2025-10-01 09:00:10] INFO: Database connection established {"driver":"mysql","host":"db","database":"block_cms","connection_time":"1.62ms"}
[2025-10-01 09:00:11] INFO: Database connection established {"driver":"mysql","host":"db","database":"block_cms","connection_time":"0.48ms"}
[2025-10-01 09:00:11] DEBUG: Record inserted {"table":"tags","insert_id":181,"data_keys":["name","slug","description","color","is_featured","created_at","updated_at"]}
[2025-10-01 09:00:11] INFO: Database connection established {"driver":"mysql","host":"db","database":"block_cms","connection_time":"0.52ms"}
[2025-10-01 09:03:36] INFO: Database connection established {"driver":"mysql","host":"db","database":"block_cms","connection_time":"1.39ms"}
[2025-10-01 09:03:36] INFO: Database connection established {"driver":"mysql","host":"db","database":"block_cms","connection_time":"0.82ms"}
[2025-10-01 09:03:36] DEBUG: Record inserted {"table":"tags","insert_id":182,"data_keys":["name","slug","description","color","is_featured","created_at","updated_at"]}
[2025-10-01 09:03:36] INFO: Database connection established {"driver":"mysql","host":"db","database":"block_cms","connection_time":"0.78ms"}
[2025-10-01 09:03:38] INFO: Database connection established {"driver":"mysql","host":"db","database":"block_cms","connection_time":"3.78ms"}
[2025-10-01 09:03:38] INFO: Database connection established {"driver":"mysql","host":"db","database":"block_cms","connection_time":"0.84ms"}
[2025-10-01 09:03:38] INFO: Database connection established {"driver":"mysql","host":"db","database":"block_cms","connection_time":"0.67ms"}
[2025-10-01 09:03:38] INFO: Database connection established {"driver":"mysql","host":"db","database":"block_cms","connection_time":"0.81ms"}
[2025-10-01 09:03:38] INFO: Database connection established {"driver":"mysql","host":"db","database":"block_cms","connection_time":"0.74ms"}
[2025-10-01 09:03:38] INFO: Database connection established {"driver":"mysql","host":"db","database":"block_cms","connection_time":"0.62ms"}
[2025-10-01 09:03:38] INFO: Database connection established {"driver":"mysql","host":"db","database":"block_cms","connection_time":"0.9ms"}
[2025-10-01 09:03:46] INFO: Database connection established {"driver":"mysql","host":"db","database":"block_cms","connection_time":"1.04ms"}
[2025-10-01 09:03:59] INFO: Database connection established {"driver":"mysql","host":"db","database":"block_cms","connection_time":"1.07ms"}
[2025-10-01 09:03:59] INFO: Database connection established {"driver":"mysql","host":"db","database":"block_cms","connection_time":"1.1ms"}
[2025-10-01 09:04:49] INFO: Database connection established {"driver":"mysql","host":"db","database":"block_cms","connection_time":"1.26ms"}
[2025-10-01 09:04:49] INFO: Database connection established {"driver":"mysql","host":"db","database":"block_cms","connection_time":"0.81ms"}
[2025-10-01 09:04:49] INFO: Database connection established {"driver":"mysql","host":"db","database":"block_cms","connection_time":"1.51ms"}
[2025-10-01 09:04:49] INFO: Database connection established {"driver":"mysql","host":"db","database":"block_cms","connection_time":"0.91ms"}
[2025-10-01 09:04:49] INFO: Database connection established {"driver":"mysql","host":"db","database":"block_cms","connection_time":"0.5ms"}
[2025-10-01 09:04:49] INFO: Database connection established {"driver":"mysql","host":"db","database":"block_cms","connection_time":"0.68ms"}
[2025-10-01 09:04:49] INFO: Database connection established {"driver":"mysql","host":"db","database":"block_cms","connection_time":"0.89ms"}
[2025-10-01 09:05:04] INFO: Database connection established {"driver":"mysql","host":"db","database":"block_cms","connection_time":"1.17ms"}
[2025-10-01 09:05:04] INFO: Database connection established {"driver":"mysql","host":"db","database":"block_cms","connection_time":"1.01ms"}
[2025-10-01 09:05:04] DEBUG: Record inserted {"table":"tags","insert_id":183,"data_keys":["name","slug","description","color","is_featured","created_at","updated_at"]}
[2025-10-01 09:05:04] INFO: Database connection established {"driver":"mysql","host":"db","database":"block_cms","connection_time":"0.78ms"}
[2025-10-01 09:08:48] INFO: Database connection established {"driver":"mysql","host":"db","database":"block_cms","connection_time":"0.6ms"}
[2025-10-01 09:08:48] INFO: Database connection established {"driver":"mysql","host":"db","database":"block_cms","connection_time":"1.48ms"}
[2025-10-01 09:08:48] INFO: Database connection established {"driver":"mysql","host":"db","database":"block_cms","connection_time":"0.67ms"}
[2025-10-01 09:08:48] INFO: Database connection established {"driver":"mysql","host":"db","database":"block_cms","connection_time":"0.65ms"}
[2025-10-01 09:08:48] INFO: Database connection established {"driver":"mysql","host":"db","database":"block_cms","connection_time":"0.36ms"}
[2025-10-01 09:08:48] INFO: Database connection established {"driver":"mysql","host":"db","database":"block_cms","connection_time":"0.44ms"}
[2025-10-01 09:08:48] INFO: Database connection established {"driver":"mysql","host":"db","database":"block_cms","connection_time":"0.81ms"}
[2025-10-01 09:10:34] INFO: Database connection established {"driver":"mysql","host":"db","database":"block_cms","connection_time":"1.11ms"}
[2025-10-01 09:10:35] INFO: Database connection established {"driver":"mysql","host":"db","database":"block_cms","connection_time":"1.17ms"}
[2025-10-01 09:10:35] INFO: Database connection established {"driver":"mysql","host":"db","database":"block_cms","connection_time":"0.83ms"}
[2025-10-01 09:10:35] INFO: Database connection established {"driver":"mysql","host":"db","database":"block_cms","connection_time":"1.2ms"}
[2025-10-01 09:10:35] INFO: Database connection established {"driver":"mysql","host":"db","database":"block_cms","connection_time":"0.73ms"}
[2025-10-01 09:10:35] INFO: Database connection established {"driver":"mysql","host":"db","database":"block_cms","connection_time":"0.77ms"}
[2025-10-01 09:10:35] INFO: Database connection established {"driver":"mysql","host":"db","database":"block_cms","connection_time":"0.97ms"}
[2025-10-01 09:10:44] INFO: Database connection established {"driver":"mysql","host":"db","database":"block_cms","connection_time":"0.93ms"}
[2025-10-01 09:10:44] INFO: Database connection established {"driver":"mysql","host":"db","database":"block_cms","connection_time":"1.14ms"}
[2025-10-01 09:10:44] DEBUG: Record inserted {"table":"tags","insert_id":184,"data_keys":["name","slug","description","color","is_featured","created_at","updated_at"]}
[2025-10-01 09:10:44] INFO: Database connection established {"driver":"mysql","host":"db","database":"block_cms","connection_time":"0.7ms"}
[2025-10-01 09:14:24] INFO: Database connection established {"driver":"mysql","host":"db","database":"block_cms","connection_time":"1.14ms"}
[2025-10-01 09:14:24] INFO: Database connection established {"driver":"mysql","host":"db","database":"block_cms","connection_time":"0.76ms"}
[2025-10-01 09:14:24] INFO: Database connection established {"driver":"mysql","host":"db","database":"block_cms","connection_time":"0.62ms"}
[2025-10-01 09:14:24] INFO: Database connection established {"driver":"mysql","host":"db","database":"block_cms","connection_time":"0.73ms"}
[2025-10-01 09:14:24] INFO: Database connection established {"driver":"mysql","host":"db","database":"block_cms","connection_time":"0.41ms"}
[2025-10-01 09:14:24] INFO: Database connection established {"driver":"mysql","host":"db","database":"block_cms","connection_time":"0.64ms"}
[2025-10-01 09:14:24] INFO: Database connection established {"driver":"mysql","host":"db","database":"block_cms","connection_time":"0.51ms"}
[2025-10-01 09:14:34] INFO: Database connection established {"driver":"mysql","host":"db","database":"block_cms","connection_time":"1.55ms"}
[2025-10-01 09:14:34] INFO: Database connection established {"driver":"mysql","host":"db","database":"block_cms","connection_time":"0.8ms"}
[2025-10-01 09:14:34] DEBUG: Record inserted {"table":"tags","insert_id":185,"data_keys":["name","slug","description","color","is_featured","created_at","updated_at"]}
[2025-10-01 09:15:37] INFO: Database connection established {"driver":"mysql","host":"db","database":"block_cms","connection_time":"2.77ms"}
[2025-10-01 09:15:37] INFO: Database connection established {"driver":"mysql","host":"db","database":"block_cms","connection_time":"1.66ms"}
[2025-10-01 09:15:37] INFO: Database connection established {"driver":"mysql","host":"db","database":"block_cms","connection_time":"1.17ms"}
[2025-10-01 09:15:37] INFO: Database connection established {"driver":"mysql","host":"db","database":"block_cms","connection_time":"3.58ms"}
[2025-10-01 09:15:37] INFO: Database connection established {"driver":"mysql","host":"db","database":"block_cms","connection_time":"1.37ms"}
[2025-10-01 09:15:37] INFO: Database connection established {"driver":"mysql","host":"db","database":"block_cms","connection_time":"1.19ms"}
[2025-10-01 09:15:37] INFO: Database connection established {"driver":"mysql","host":"db","database":"block_cms","connection_time":"1.04ms"}
[2025-10-01 09:15:40] INFO: Database connection established {"driver":"mysql","host":"db","database":"block_cms","connection_time":"1.68ms"}
[2025-10-01 09:21:30] INFO: Database connection established {"driver":"mysql","host":"db","database":"block_cms","connection_time":"0.73ms"}
[2025-10-01 09:21:30] INFO: Database connection established {"driver":"mysql","host":"db","database":"block_cms","connection_time":"1.02ms"}
[2025-10-01 09:21:30] INFO: Database connection established {"driver":"mysql","host":"db","database":"block_cms","connection_time":"1.08ms"}
[2025-10-01 09:21:30] INFO: Database connection established {"driver":"mysql","host":"db","database":"block_cms","connection_time":"1.01ms"}
[2025-10-01 09:21:30] INFO: Database connection established {"driver":"mysql","host":"db","database":"block_cms","connection_time":"0.81ms"}
[2025-10-01 09:21:30] INFO: Database connection established {"driver":"mysql","host":"db","database":"block_cms","connection_time":"0.71ms"}
[2025-10-01 09:21:30] INFO: Database connection established {"driver":"mysql","host":"db","database":"block_cms","connection_time":"0.51ms"}
[2025-10-01 09:21:39] INFO: Database connection established {"driver":"mysql","host":"db","database":"block_cms","connection_time":"1.27ms"}
[2025-10-01 09:21:39] INFO: Database connection established {"driver":"mysql","host":"db","database":"block_cms","connection_time":"0.9ms"}
[2025-10-01 09:21:39] DEBUG: Record inserted {"table":"tags","insert_id":186,"data_keys":["name","slug","description","color","is_featured","created_at","updated_at"]}
[2025-10-01 09:21:39] INFO: Database connection established {"driver":"mysql","host":"db","database":"block_cms","connection_time":"0.85ms"}
[2025-10-01 09:21:44] INFO: Database connection established {"driver":"mysql","host":"db","database":"block_cms","connection_time":"2.02ms"}
[2025-10-01 09:22:12] INFO: Database connection established {"driver":"mysql","host":"db","database":"block_cms","connection_time":"1.04ms"}
[2025-10-01 09:22:12] INFO: Database connection established {"driver":"mysql","host":"db","database":"block_cms","connection_time":"0.59ms"}
[2025-10-01 09:22:12] INFO: Database connection established {"driver":"mysql","host":"db","database":"block_cms","connection_time":"0.63ms"}
[2025-10-01 09:22:12] INFO: Database connection established {"driver":"mysql","host":"db","database":"block_cms","connection_time":"0.52ms"}
[2025-10-01 09:22:12] INFO: Database connection established {"driver":"mysql","host":"db","database":"block_cms","connection_time":"0.52ms"}
[2025-10-01 09:22:12] INFO: Database connection established {"driver":"mysql","host":"db","database":"block_cms","connection_time":"0.65ms"}
[2025-10-01 09:22:12] INFO: Database connection established {"driver":"mysql","host":"db","database":"block_cms","connection_time":"0.37ms"}
[2025-10-01 09:22:22] INFO: Database connection established {"driver":"mysql","host":"db","database":"block_cms","connection_time":"1.07ms"}
[2025-10-01 09:22:22] INFO: Database connection established {"driver":"mysql","host":"db","database":"block_cms","connection_time":"0.92ms"}
[2025-10-01 09:22:22] DEBUG: Record inserted {"table":"tags","insert_id":187,"data_keys":["name","slug","description","color","is_featured","created_at","updated_at"]}
[2025-10-01 09:22:22] INFO: Database connection established {"driver":"mysql","host":"db","database":"block_cms","connection_time":"0.89ms"}
[2025-10-01 09:22:47] INFO: Database connection established {"driver":"mysql","host":"db","database":"block_cms","connection_time":"14.25ms"}
[2025-10-01 09:22:47] INFO: Database connection established {"driver":"mysql","host":"db","database":"block_cms","connection_time":"1.35ms"}
[2025-10-01 09:22:47] INFO: Database connection established {"driver":"mysql","host":"db","database":"block_cms","connection_time":"0.62ms"}
[2025-10-01 09:22:47] INFO: Database connection established {"driver":"mysql","host":"db","database":"block_cms","connection_time":"0.68ms"}
[2025-10-01 09:22:47] INFO: Database connection established {"driver":"mysql","host":"db","database":"block_cms","connection_time":"5.43ms"}
[2025-10-01 09:22:47] INFO: Database connection established {"driver":"mysql","host":"db","database":"block_cms","connection_time":"5.57ms"}
[2025-10-01 09:22:47] INFO: Database connection established {"driver":"mysql","host":"db","database":"block_cms","connection_time":"0.89ms"}
[2025-10-01 09:22:57] INFO: Database connection established {"driver":"mysql","host":"db","database":"block_cms","connection_time":"1.53ms"}
[2025-10-01 09:22:57] INFO: Database connection established {"driver":"mysql","host":"db","database":"block_cms","connection_time":"0.97ms"}
[2025-10-01 09:22:57] DEBUG: Record inserted {"table":"tags","insert_id":188,"data_keys":["name","slug","description","color","is_featured","created_at","updated_at"]}
[2025-10-01 09:22:57] INFO: Database connection established {"driver":"mysql","host":"db","database":"block_cms","connection_time":"0.9ms"}
[2025-10-01 09:24:29] INFO: Database connection established {"driver":"mysql","host":"db","database":"block_cms","connection_time":"1ms"}
[2025-10-01 09:25:13] INFO: Database connection established {"driver":"mysql","host":"db","database":"block_cms","connection_time":"7.82ms"}
[2025-10-01 09:25:13] INFO: Database connection established {"driver":"mysql","host":"db","database":"block_cms","connection_time":"2.06ms"}
[2025-10-01 09:25:13] INFO: Database connection established {"driver":"mysql","host":"db","database":"block_cms","connection_time":"4.87ms"}
[2025-10-01 09:25:13] INFO: Database connection established {"driver":"mysql","host":"db","database":"block_cms","connection_time":"1.8ms"}
[2025-10-01 09:25:13] INFO: Database connection established {"driver":"mysql","host":"db","database":"block_cms","connection_time":"0.89ms"}
[2025-10-01 09:25:13] INFO: Database connection established {"driver":"mysql","host":"db","database":"block_cms","connection_time":"2.31ms"}
[2025-10-01 09:25:13] INFO: Database connection established {"driver":"mysql","host":"db","database":"block_cms","connection_time":"1.09ms"}
[2025-10-01 09:25:21] INFO: Database connection established {"driver":"mysql","host":"db","database":"block_cms","connection_time":"2ms"}
[2025-10-01 09:25:21] INFO: Database connection established {"driver":"mysql","host":"db","database":"block_cms","connection_time":"1.9ms"}
[2025-10-01 09:25:22] INFO: Database connection established {"driver":"mysql","host":"db","database":"block_cms","connection_time":"1.67ms"}
[2025-10-01 09:25:33] INFO: Database connection established {"driver":"mysql","host":"db","database":"block_cms","connection_time":"2.5ms"}
[2025-10-01 09:25:33] INFO: Database connection established {"driver":"mysql","host":"db","database":"block_cms","connection_time":"1.62ms"}
[2025-10-01 09:25:34] INFO: Database connection established {"driver":"mysql","host":"db","database":"block_cms","connection_time":"2ms"}
[2025-10-01 09:25:41] INFO: Database connection established {"driver":"mysql","host":"db","database":"block_cms","connection_time":"0.63ms"}
[2025-10-01 09:25:41] INFO: Database connection established {"driver":"mysql","host":"db","database":"block_cms","connection_time":"2.2ms"}
[2025-10-01 09:25:41] INFO: Database connection established {"driver":"mysql","host":"db","database":"block_cms","connection_time":"8.25ms"}
[2025-10-01 09:25:41] INFO: Database connection established {"driver":"mysql","host":"db","database":"block_cms","connection_time":"2.55ms"}
[2025-10-01 09:25:41] INFO: Database connection established {"driver":"mysql","host":"db","database":"block_cms","connection_time":"1.22ms"}
[2025-10-01 09:25:41] INFO: Database connection established {"driver":"mysql","host":"db","database":"block_cms","connection_time":"0.79ms"}
[2025-10-01 09:25:41] INFO: Database connection established {"driver":"mysql","host":"db","database":"block_cms","connection_time":"0.72ms"}
[2025-10-01 09:25:49] INFO: Database connection established {"driver":"mysql","host":"db","database":"block_cms","connection_time":"0.67ms"}
[2025-10-01 09:25:49] INFO: Database connection established {"driver":"mysql","host":"db","database":"block_cms","connection_time":"1.03ms"}
[2025-10-01 09:25:50] INFO: Database connection established {"driver":"mysql","host":"db","database":"block_cms","connection_time":"1.71ms"}
[2025-10-01 09:25:56] INFO: Database connection established {"driver":"mysql","host":"db","database":"block_cms","connection_time":"0.96ms"}
[2025-10-01 09:25:56] DEBUG: Record inserted {"table":"images","insert_id":18,"data_keys":["filename","original_name","file_path","url","mime_type","file_size","width","height","alt_text","caption","description","created_at","updated_at"]}
[2025-10-01 09:25:56] INFO: Database connection established {"driver":"mysql","host":"db","database":"block_cms","connection_time":"1.04ms"}
