[2025-09-21 14:59:54] INFO: Database connection established {"driver":"mysql","host":"db","database":"block_cms","connection_time":"5.42ms"}
[2025-09-21 15:00:03] INFO: Database connection established {"driver":"mysql","host":"db","database":"block_cms","connection_time":"0.71ms"}
[2025-09-21 15:00:28] INFO: Database connection established {"driver":"mysql","host":"db","database":"block_cms","connection_time":"1.19ms"}
[2025-09-21 15:01:40] INFO: Database connection established {"driver":"mysql","host":"db","database":"block_cms","connection_time":"1.98ms"}
[2025-09-21 15:04:44] INFO: Database connection established {"driver":"mysql","host":"db","database":"block_cms","connection_time":"1.03ms"}
[2025-09-21 15:05:08] INFO: Database connection established {"driver":"mysql","host":"db","database":"block_cms","connection_time":"1.1ms"}
[2025-09-21 15:06:08] INFO: Database connection established {"driver":"mysql","host":"db","database":"block_cms","connection_time":"0.85ms"}
[2025-09-21 15:07:20] INFO: Database connection established {"driver":"mysql","host":"db","database":"block_cms","connection_time":"1.25ms"}
[2025-09-21 15:08:18] INFO: Database connection established {"driver":"mysql","host":"db","database":"block_cms","connection_time":"1.26ms"}
[2025-09-21 15:08:42] INFO: Database connection established {"driver":"mysql","host":"db","database":"block_cms","connection_time":"1.08ms"}
[2025-09-21 15:08:59] INFO: Database connection established {"driver":"mysql","host":"db","database":"block_cms","connection_time":"1.58ms"}
[2025-09-21 15:10:27] INFO: Database connection established {"driver":"mysql","host":"db","database":"block_cms","connection_time":"1.96ms"}
[2025-09-21 15:10:44] INFO: Database connection established {"driver":"mysql","host":"db","database":"block_cms","connection_time":"1.76ms"}
[2025-09-21 15:11:10] INFO: Database connection established {"driver":"mysql","host":"db","database":"block_cms","connection_time":"1.04ms"}
[2025-09-21 15:12:02] INFO: Database connection established {"driver":"mysql","host":"db","database":"block_cms","connection_time":"1.65ms"}
[2025-09-21 15:13:27] INFO: Database connection established {"driver":"mysql","host":"db","database":"block_cms","connection_time":"1.02ms"}
[2025-09-21 15:13:47] INFO: Database connection established {"driver":"mysql","host":"db","database":"block_cms","connection_time":"1.07ms"}
[2025-09-21 15:13:58] INFO: Database connection established {"driver":"mysql","host":"db","database":"block_cms","connection_time":"2.28ms"}
[2025-09-21 15:14:19] INFO: Database connection established {"driver":"mysql","host":"db","database":"block_cms","connection_time":"0.61ms"}
[2025-09-21 15:15:48] INFO: Database connection established {"driver":"mysql","host":"db","database":"block_cms","connection_time":"1.16ms"}
[2025-09-21 15:17:42] INFO: Database connection established {"driver":"mysql","host":"db","database":"block_cms","connection_time":"1.04ms"}
[2025-09-21 15:17:55] INFO: Database connection established {"driver":"mysql","host":"db","database":"block_cms","connection_time":"1.22ms"}
[2025-09-21 15:18:22] INFO: Database connection established {"driver":"mysql","host":"db","database":"block_cms","connection_time":"0.85ms"}
[2025-09-21 15:19:00] INFO: Database connection established {"driver":"mysql","host":"db","database":"block_cms","connection_time":"0.9ms"}
[2025-09-21 15:19:31] INFO: Database connection established {"driver":"mysql","host":"db","database":"block_cms","connection_time":"1.36ms"}
[2025-09-21 15:19:58] INFO: Database connection established {"driver":"mysql","host":"db","database":"block_cms","connection_time":"0.99ms"}
[2025-09-21 15:20:17] INFO: Database connection established {"driver":"mysql","host":"db","database":"block_cms","connection_time":"1.41ms"}
[2025-09-21 15:20:37] INFO: Database connection established {"driver":"mysql","host":"db","database":"block_cms","connection_time":"0.94ms"}
[2025-09-21 15:21:12] INFO: Database connection established {"driver":"mysql","host":"db","database":"block_cms","connection_time":"1.33ms"}
[2025-09-21 15:21:19] INFO: Database connection established {"driver":"mysql","host":"db","database":"block_cms","connection_time":"0.8ms"}
[2025-09-21 15:21:38] INFO: Database connection established {"driver":"mysql","host":"db","database":"block_cms","connection_time":"1.65ms"}
[2025-09-21 15:21:49] INFO: Database connection established {"driver":"mysql","host":"db","database":"block_cms","connection_time":"1.71ms"}
[2025-09-21 15:22:07] INFO: Database connection established {"driver":"mysql","host":"db","database":"block_cms","connection_time":"1.59ms"}
[2025-09-21 15:22:39] INFO: Database connection established {"driver":"mysql","host":"db","database":"block_cms","connection_time":"2.09ms"}
[2025-09-21 15:22:52] INFO: Database connection established {"driver":"mysql","host":"db","database":"block_cms","connection_time":"1.7ms"}
[2025-09-21 15:27:19] INFO: Database connection established {"driver":"mysql","host":"db","database":"block_cms","connection_time":"1.87ms"}
[2025-09-21 15:27:28] INFO: Database connection established {"driver":"mysql","host":"db","database":"block_cms","connection_time":"0.98ms"}
[2025-09-21 15:27:28] DEBUG: Database transaction started
[2025-09-21 15:27:53] INFO: Database connection established {"driver":"mysql","host":"db","database":"block_cms","connection_time":"1.09ms"}
[2025-09-21 15:28:46] INFO: Database connection established {"driver":"mysql","host":"db","database":"block_cms","connection_time":"1.65ms"}
[2025-09-21 15:28:48] INFO: Database connection established {"driver":"mysql","host":"db","database":"block_cms","connection_time":"1.08ms"}
[2025-09-21 15:29:01] INFO: Database connection established {"driver":"mysql","host":"db","database":"block_cms","connection_time":"0.86ms"}
[2025-09-21 15:29:03] INFO: Database connection established {"driver":"mysql","host":"db","database":"block_cms","connection_time":"1.99ms"}
[2025-09-21 15:29:13] INFO: Database connection established {"driver":"mysql","host":"db","database":"block_cms","connection_time":"1.04ms"}
[2025-09-21 15:29:39] INFO: Database connection established {"driver":"mysql","host":"db","database":"block_cms","connection_time":"1.41ms"}
[2025-09-21 15:29:46] INFO: Database connection established {"driver":"mysql","host":"db","database":"block_cms","connection_time":"1.05ms"}
[2025-09-21 15:29:59] INFO: Database connection established {"driver":"mysql","host":"db","database":"block_cms","connection_time":"1.25ms"}
[2025-09-21 15:30:00] INFO: Database connection established {"driver":"mysql","host":"db","database":"block_cms","connection_time":"1.79ms"}
[2025-09-21 15:30:08] INFO: Database connection established {"driver":"mysql","host":"db","database":"block_cms","connection_time":"0.93ms"}
[2025-09-21 15:30:49] INFO: Database connection established {"driver":"mysql","host":"db","database":"block_cms","connection_time":"1.49ms"}
[2025-09-21 15:30:53] INFO: Database connection established {"driver":"mysql","host":"db","database":"block_cms","connection_time":"1.17ms"}
[2025-09-21 15:30:57] INFO: Database connection established {"driver":"mysql","host":"db","database":"block_cms","connection_time":"0.89ms"}
[2025-09-21 15:31:17] INFO: Database connection established {"driver":"mysql","host":"db","database":"block_cms","connection_time":"1.96ms"}
[2025-09-21 15:31:20] INFO: Database connection established {"driver":"mysql","host":"db","database":"block_cms","connection_time":"1.02ms"}
[2025-09-21 15:31:37] INFO: Database connection established {"driver":"mysql","host":"db","database":"block_cms","connection_time":"0.94ms"}
[2025-09-21 15:31:45] INFO: Database connection established {"driver":"mysql","host":"db","database":"block_cms","connection_time":"1ms"}
[2025-09-21 15:32:09] INFO: Database connection established {"driver":"mysql","host":"db","database":"block_cms","connection_time":"1.04ms"}
[2025-09-21 15:32:38] INFO: Database connection established {"driver":"mysql","host":"db","database":"block_cms","connection_time":"3.54ms"}
[2025-09-21 15:33:08] INFO: Database connection established {"driver":"mysql","host":"db","database":"block_cms","connection_time":"1.12ms"}
[2025-09-21 15:33:38] INFO: Database connection established {"driver":"mysql","host":"db","database":"block_cms","connection_time":"1.16ms"}
[2025-09-21 15:33:52] INFO: Database connection established {"driver":"mysql","host":"db","database":"block_cms","connection_time":"1.75ms"}
[2025-09-21 15:34:13] INFO: Database connection established {"driver":"mysql","host":"db","database":"block_cms","connection_time":"2.83ms"}
[2025-09-21 15:34:45] INFO: Database connection established {"driver":"mysql","host":"db","database":"block_cms","connection_time":"1.1ms"}
[2025-09-21 15:35:10] INFO: Database connection established {"driver":"mysql","host":"db","database":"block_cms","connection_time":"1.32ms"}
[2025-09-21 15:36:33] INFO: Database connection established {"driver":"mysql","host":"db","database":"block_cms","connection_time":"1.02ms"}
[2025-09-21 15:36:57] INFO: Database connection established {"driver":"mysql","host":"db","database":"block_cms","connection_time":"1.68ms"}
[2025-09-21 15:37:19] INFO: Database connection established {"driver":"mysql","host":"db","database":"block_cms","connection_time":"0.72ms"}
[2025-09-21 15:40:34] INFO: Database connection established {"driver":"mysql","host":"db","database":"block_cms","connection_time":"1.7ms"}
[2025-09-21 15:41:39] INFO: Database connection established {"driver":"mysql","host":"db","database":"block_cms","connection_time":"1.15ms"}
[2025-09-21 15:41:47] INFO: Database connection established {"driver":"mysql","host":"db","database":"block_cms","connection_time":"1.04ms"}
[2025-09-21 15:42:12] INFO: Database connection established {"driver":"mysql","host":"db","database":"block_cms","connection_time":"1.95ms"}
[2025-09-21 15:42:26] INFO: Database connection established {"driver":"mysql","host":"db","database":"block_cms","connection_time":"1.03ms"}
[2025-09-21 15:42:45] INFO: Database connection established {"driver":"mysql","host":"db","database":"block_cms","connection_time":"1.37ms"}
[2025-09-21 15:42:54] INFO: Database connection established {"driver":"mysql","host":"db","database":"block_cms","connection_time":"1.87ms"}
[2025-09-21 15:43:25] INFO: Database connection established {"driver":"mysql","host":"db","database":"block_cms","connection_time":"1.1ms"}
[2025-09-21 15:43:46] INFO: Database connection established {"driver":"mysql","host":"db","database":"block_cms","connection_time":"1.07ms"}
[2025-09-21 15:43:58] INFO: Database connection established {"driver":"mysql","host":"db","database":"block_cms","connection_time":"1.21ms"}
[2025-09-21 15:44:13] INFO: Database connection established {"driver":"mysql","host":"db","database":"block_cms","connection_time":"0.92ms"}
[2025-09-21 15:45:31] INFO: Database connection established {"driver":"mysql","host":"db","database":"block_cms","connection_time":"1.05ms"}
[2025-09-21 15:45:44] INFO: Database connection established {"driver":"mysql","host":"db","database":"block_cms","connection_time":"1.07ms"}
[2025-09-21 15:45:59] INFO: Database connection established {"driver":"mysql","host":"db","database":"block_cms","connection_time":"1.84ms"}
[2025-09-21 15:46:14] INFO: Database connection established {"driver":"mysql","host":"db","database":"block_cms","connection_time":"1.25ms"}
[2025-09-21 15:46:14] DEBUG: Record inserted {"table":"categories","insert_id":1,"data_keys":["name","slug","is_active","created_at","updated_at"]}
[2025-09-21 15:47:15] INFO: Database connection established {"driver":"mysql","host":"db","database":"block_cms","connection_time":"2.88ms"}
[2025-09-21 15:48:00] INFO: Database connection established {"driver":"mysql","host":"db","database":"block_cms","connection_time":"0.93ms"}
[2025-09-21 15:49:24] INFO: Database connection established {"driver":"mysql","host":"db","database":"block_cms","connection_time":"1.33ms"}
[2025-09-21 15:49:44] INFO: Database connection established {"driver":"mysql","host":"db","database":"block_cms","connection_time":"1.02ms"}
[2025-09-21 15:51:01] INFO: Database connection established {"driver":"mysql","host":"db","database":"block_cms","connection_time":"1.66ms"}
[2025-09-21 15:51:32] INFO: Database connection established {"driver":"mysql","host":"db","database":"block_cms","connection_time":"1.3ms"}
[2025-09-21 15:51:56] INFO: Database connection established {"driver":"mysql","host":"db","database":"block_cms","connection_time":"1.87ms"}
[2025-09-21 15:52:09] INFO: Database connection established {"driver":"mysql","host":"db","database":"block_cms","connection_time":"0.89ms"}
[2025-09-21 15:52:47] INFO: Database connection established {"driver":"mysql","host":"db","database":"block_cms","connection_time":"1.08ms"}
[2025-09-21 15:53:44] INFO: Database connection established {"driver":"mysql","host":"db","database":"block_cms","connection_time":"2.16ms"}
[2025-09-21 15:54:00] INFO: Database connection established {"driver":"mysql","host":"db","database":"block_cms","connection_time":"0.89ms"}
[2025-09-21 15:54:16] INFO: Database connection established {"driver":"mysql","host":"db","database":"block_cms","connection_time":"1.16ms"}
[2025-09-21 15:56:57] INFO: Database connection established {"driver":"mysql","host":"db","database":"block_cms","connection_time":"1.89ms"}
[2025-09-21 16:00:12] INFO: Database connection established {"driver":"mysql","host":"db","database":"block_cms","connection_time":"0.98ms"}
[2025-09-21 16:01:53] INFO: Database connection established {"driver":"mysql","host":"db","database":"block_cms","connection_time":"0.95ms"}
[2025-09-21 16:02:06] INFO: Database connection established {"driver":"mysql","host":"db","database":"block_cms","connection_time":"1.12ms"}
[2025-09-21 16:03:52] INFO: Database connection established {"driver":"mysql","host":"db","database":"block_cms","connection_time":"0.98ms"}
[2025-09-21 16:05:16] INFO: Database connection established {"driver":"mysql","host":"db","database":"block_cms","connection_time":"1.07ms"}
[2025-09-21 16:06:25] INFO: Database connection established {"driver":"mysql","host":"db","database":"block_cms","connection_time":"0.89ms"}
[2025-09-21 16:06:45] INFO: Database connection established {"driver":"mysql","host":"db","database":"block_cms","connection_time":"1.5ms"}
[2025-09-21 16:06:48] INFO: Database connection established {"driver":"mysql","host":"db","database":"block_cms","connection_time":"0.99ms"}
[2025-09-21 16:06:52] INFO: Database connection established {"driver":"mysql","host":"db","database":"block_cms","connection_time":"0.56ms"}
[2025-09-21 16:07:41] INFO: Database connection established {"driver":"mysql","host":"db","database":"block_cms","connection_time":"1.66ms"}
[2025-09-21 16:07:45] INFO: Database connection established {"driver":"mysql","host":"db","database":"block_cms","connection_time":"1.69ms"}
[2025-09-21 16:07:50] INFO: Database connection established {"driver":"mysql","host":"db","database":"block_cms","connection_time":"0.55ms"}
[2025-09-21 16:08:16] INFO: Database connection established {"driver":"mysql","host":"db","database":"block_cms","connection_time":"0.92ms"}
[2025-09-21 16:08:16] DEBUG: Record inserted {"table":"categories","insert_id":2,"data_keys":["name","slug","is_active","created_at","updated_at"]}
[2025-09-21 16:09:49] INFO: Database connection established {"driver":"mysql","host":"db","database":"block_cms","connection_time":"0.97ms"}
[2025-09-21 16:10:15] INFO: Database connection established {"driver":"mysql","host":"db","database":"block_cms","connection_time":"1.15ms"}
[2025-09-21 16:10:55] INFO: Database connection established {"driver":"mysql","host":"db","database":"block_cms","connection_time":"1.11ms"}
[2025-09-21 16:11:23] INFO: Database connection established {"driver":"mysql","host":"db","database":"block_cms","connection_time":"1.02ms"}
[2025-09-21 16:12:44] INFO: Database connection established {"driver":"mysql","host":"db","database":"block_cms","connection_time":"1.17ms"}
[2025-09-21 16:13:05] INFO: Database connection established {"driver":"mysql","host":"db","database":"block_cms","connection_time":"1ms"}
[2025-09-21 16:13:11] INFO: Database connection established {"driver":"mysql","host":"db","database":"block_cms","connection_time":"2.06ms"}
[2025-09-21 16:13:24] INFO: Database connection established {"driver":"mysql","host":"db","database":"block_cms","connection_time":"1.21ms"}
[2025-09-21 16:13:24] DEBUG: Record inserted {"table":"tags","insert_id":1,"data_keys":["name","slug","created_at","updated_at"]}
[2025-09-21 16:15:20] INFO: Database connection established {"driver":"mysql","host":"db","database":"block_cms","connection_time":"1.12ms"}
[2025-09-21 16:16:13] INFO: Database connection established {"driver":"mysql","host":"db","database":"block_cms","connection_time":"1.46ms"}
[2025-09-21 16:16:26] INFO: Database connection established {"driver":"mysql","host":"db","database":"block_cms","connection_time":"1.4ms"}
[2025-09-21 16:16:41] INFO: Database connection established {"driver":"mysql","host":"db","database":"block_cms","connection_time":"0.84ms"}
[2025-09-21 16:16:47] INFO: Database connection established {"driver":"mysql","host":"db","database":"block_cms","connection_time":"1ms"}
[2025-09-21 16:22:41] INFO: Database connection established {"driver":"mysql","host":"db","database":"block_cms","connection_time":"1.36ms"}
[2025-09-21 16:22:55] INFO: Database connection established {"driver":"mysql","host":"db","database":"block_cms","connection_time":"1.35ms"}
[2025-09-21 16:23:29] INFO: Database connection established {"driver":"mysql","host":"db","database":"block_cms","connection_time":"0.96ms"}
[2025-09-21 16:24:50] INFO: Database connection established {"driver":"mysql","host":"db","database":"block_cms","connection_time":"0.98ms"}
[2025-09-21 16:25:21] INFO: Database connection established {"driver":"mysql","host":"db","database":"block_cms","connection_time":"1.01ms"}
[2025-09-21 16:25:31] INFO: Database connection established {"driver":"mysql","host":"db","database":"block_cms","connection_time":"1.99ms"}
[2025-09-21 16:26:07] INFO: Database connection established {"driver":"mysql","host":"db","database":"block_cms","connection_time":"0.85ms"}
[2025-09-21 16:27:28] INFO: Database connection established {"driver":"mysql","host":"db","database":"block_cms","connection_time":"1.64ms"}
[2025-09-21 16:38:21] INFO: Database connection established {"driver":"mysql","host":"db","database":"block_cms","connection_time":"1.48ms"}
[2025-09-21 16:38:58] INFO: Database connection established {"driver":"mysql","host":"db","database":"block_cms","connection_time":"0.97ms"}
[2025-09-21 16:39:25] INFO: Database connection established {"driver":"mysql","host":"db","database":"block_cms","connection_time":"0.91ms"}
[2025-09-21 16:39:40] INFO: Database connection established {"driver":"mysql","host":"db","database":"block_cms","connection_time":"1.23ms"}
[2025-09-21 16:39:56] INFO: Database connection established {"driver":"mysql","host":"db","database":"block_cms","connection_time":"1ms"}
[2025-09-21 16:44:27] INFO: Database connection established {"driver":"mysql","host":"db","database":"block_cms","connection_time":"0.89ms"}
[2025-09-21 16:44:27] DEBUG: Record inserted {"table":"custom_field_definitions","insert_id":1,"data_keys":["name","key","type","is_required","is_searchable","is_active","sort_order","created_at","updated_at"]}
[2025-09-21 16:46:29] INFO: Database connection established {"driver":"mysql","host":"db","database":"block_cms","connection_time":"1.3ms"}
[2025-09-21 16:46:29] DEBUG: Record inserted {"table":"custom_field_definitions","insert_id":2,"data_keys":["name","key","type","is_required","is_searchable","is_active","sort_order","created_at","updated_at"]}
[2025-09-21 17:01:15] INFO: Database connection established {"driver":"mysql","host":"db","database":"block_cms","connection_time":"0.91ms"}
[2025-09-21 17:01:23] INFO: Database connection established {"driver":"mysql","host":"db","database":"block_cms","connection_time":"1.67ms"}
[2025-09-21 17:02:15] INFO: Database connection established {"driver":"mysql","host":"db","database":"block_cms","connection_time":"1.5ms"}
[2025-09-21 17:02:23] INFO: Database connection established {"driver":"mysql","host":"db","database":"block_cms","connection_time":"1.2ms"}
[2025-09-21 17:05:38] INFO: Database connection established {"driver":"mysql","host":"db","database":"block_cms","connection_time":"0.9ms"}
[2025-09-21 17:06:08] INFO: Database connection established {"driver":"mysql","host":"db","database":"block_cms","connection_time":"1.13ms"}
[2025-09-21 17:06:24] INFO: Database connection established {"driver":"mysql","host":"db","database":"block_cms","connection_time":"1.77ms"}
[2025-09-21 17:07:17] INFO: Database connection established {"driver":"mysql","host":"db","database":"block_cms","connection_time":"1.25ms"}
[2025-09-21 17:12:50] INFO: Database connection established {"driver":"mysql","host":"db","database":"block_cms","connection_time":"0.92ms"}
[2025-09-21 17:13:34] INFO: Database connection established {"driver":"mysql","host":"db","database":"block_cms","connection_time":"1.19ms"}
[2025-09-21 17:14:35] INFO: Database connection established {"driver":"mysql","host":"db","database":"block_cms","connection_time":"2.09ms"}
[2025-09-21 17:15:15] INFO: Database connection established {"driver":"mysql","host":"db","database":"block_cms","connection_time":"1.6ms"}
[2025-09-21 17:16:30] INFO: Database connection established {"driver":"mysql","host":"db","database":"block_cms","connection_time":"1.54ms"}
[2025-09-21 17:19:00] INFO: Database connection established {"driver":"mysql","host":"db","database":"block_cms","connection_time":"1.12ms"}
[2025-09-21 17:19:05] INFO: Database connection established {"driver":"mysql","host":"db","database":"block_cms","connection_time":"1.08ms"}
[2025-09-21 17:22:44] INFO: Database connection established {"driver":"mysql","host":"db","database":"block_cms","connection_time":"1.78ms"}
[2025-09-21 17:22:52] INFO: Database connection established {"driver":"mysql","host":"db","database":"block_cms","connection_time":"1.07ms"}
[2025-09-21 17:26:01] INFO: Database connection established {"driver":"mysql","host":"db","database":"block_cms","connection_time":"0.8ms"}
[2025-09-21 17:27:41] INFO: Database connection established {"driver":"mysql","host":"db","database":"block_cms","connection_time":"0.69ms"}
[2025-09-21 17:27:45] INFO: Database connection established {"driver":"mysql","host":"db","database":"block_cms","connection_time":"1.76ms"}
[2025-09-21 17:27:45] DEBUG: Record inserted {"table":"categories","insert_id":3,"data_keys":["name","slug","is_active","created_at","updated_at"]}
[2025-09-21 17:27:52] INFO: Database connection established {"driver":"mysql","host":"db","database":"block_cms","connection_time":"0.97ms"}
[2025-09-21 17:27:52] DEBUG: Record inserted {"table":"tags","insert_id":2,"data_keys":["name","slug","created_at","updated_at"]}
[2025-09-21 17:27:57] INFO: Database connection established {"driver":"mysql","host":"db","database":"block_cms","connection_time":"1.07ms"}
[2025-09-21 17:28:47] INFO: Database connection established {"driver":"mysql","host":"db","database":"block_cms","connection_time":"1.42ms"}
[2025-09-21 17:29:09] INFO: Database connection established {"driver":"mysql","host":"db","database":"block_cms","connection_time":"1.39ms"}
[2025-09-21 17:29:09] DEBUG: Record inserted {"table":"custom_field_definitions","insert_id":3,"data_keys":["name","key","type","is_required","is_searchable","is_active","sort_order","created_at","updated_at"]}
[2025-09-21 17:30:24] INFO: Database connection established {"driver":"mysql","host":"db","database":"block_cms","connection_time":"1.19ms"}
[2025-09-21 17:31:31] INFO: Database connection established {"driver":"mysql","host":"db","database":"block_cms","connection_time":"1.02ms"}
[2025-09-21 17:31:52] INFO: Database connection established {"driver":"mysql","host":"db","database":"block_cms","connection_time":"1.07ms"}
[2025-09-21 17:38:35] INFO: Database connection established {"driver":"mysql","host":"db","database":"block_cms","connection_time":"0.89ms"}
[2025-09-21 17:38:36] INFO: Database connection established {"driver":"mysql","host":"db","database":"block_cms","connection_time":"1.41ms"}
[2025-09-21 17:38:44] INFO: Database connection established {"driver":"mysql","host":"db","database":"block_cms","connection_time":"0.94ms"}
[2025-09-21 17:39:15] INFO: Database connection established {"driver":"mysql","host":"db","database":"block_cms","connection_time":"0.97ms"}
[2025-09-21 17:39:28] INFO: Database connection established {"driver":"mysql","host":"db","database":"block_cms","connection_time":"1.07ms"}
[2025-09-21 17:39:57] INFO: Database connection established {"driver":"mysql","host":"db","database":"block_cms","connection_time":"1.84ms"}
[2025-09-21 17:40:15] INFO: Database connection established {"driver":"mysql","host":"db","database":"block_cms","connection_time":"1.96ms"}
[2025-09-21 17:40:28] INFO: Database connection established {"driver":"mysql","host":"db","database":"block_cms","connection_time":"1.63ms"}
[2025-09-21 17:40:47] INFO: Database connection established {"driver":"mysql","host":"db","database":"block_cms","connection_time":"1.41ms"}
[2025-09-21 17:41:22] INFO: Database connection established {"driver":"mysql","host":"db","database":"block_cms","connection_time":"1.31ms"}
[2025-09-21 17:42:17] INFO: Database connection established {"driver":"mysql","host":"db","database":"block_cms","connection_time":"1.16ms"}
[2025-09-21 17:42:31] INFO: Database connection established {"driver":"mysql","host":"db","database":"block_cms","connection_time":"1.53ms"}
[2025-09-21 17:51:22] INFO: Database connection established {"driver":"mysql","host":"db","database":"block_cms","connection_time":"1.81ms"}
[2025-09-21 17:51:49] INFO: Database connection established {"driver":"mysql","host":"db","database":"block_cms","connection_time":"0.74ms"}
[2025-09-21 17:52:15] INFO: Database connection established {"driver":"mysql","host":"db","database":"block_cms","connection_time":"0.87ms"}
[2025-09-21 17:52:34] INFO: Database connection established {"driver":"mysql","host":"db","database":"block_cms","connection_time":"1.49ms"}
[2025-09-21 17:52:49] INFO: Database connection established {"driver":"mysql","host":"db","database":"block_cms","connection_time":"1.06ms"}
[2025-09-21 17:53:10] INFO: Database connection established {"driver":"mysql","host":"db","database":"block_cms","connection_time":"1.18ms"}
[2025-09-21 17:53:34] INFO: Database connection established {"driver":"mysql","host":"db","database":"block_cms","connection_time":"0.86ms"}
[2025-09-21 17:54:01] INFO: Database connection established {"driver":"mysql","host":"db","database":"block_cms","connection_time":"1.95ms"}
[2025-09-21 17:54:15] INFO: Database connection established {"driver":"mysql","host":"db","database":"block_cms","connection_time":"0.91ms"}
[2025-09-21 17:54:30] INFO: Database connection established {"driver":"mysql","host":"db","database":"block_cms","connection_time":"1.03ms"}
[2025-09-21 17:57:07] INFO: Database connection established {"driver":"mysql","host":"db","database":"block_cms","connection_time":"0.95ms"}
[2025-09-21 17:57:28] INFO: Database connection established {"driver":"mysql","host":"db","database":"block_cms","connection_time":"1.68ms"}
[2025-09-21 17:58:08] INFO: Database connection established {"driver":"mysql","host":"db","database":"block_cms","connection_time":"0.99ms"}
[2025-09-21 17:58:28] INFO: Database connection established {"driver":"mysql","host":"db","database":"block_cms","connection_time":"1.67ms"}
[2025-09-21 17:58:44] INFO: Database connection established {"driver":"mysql","host":"db","database":"block_cms","connection_time":"1.45ms"}
[2025-09-21 17:58:51] INFO: Database connection established {"driver":"mysql","host":"db","database":"block_cms","connection_time":"1.1ms"}
[2025-09-21 17:59:23] INFO: Database connection established {"driver":"mysql","host":"db","database":"block_cms","connection_time":"1.68ms"}
[2025-09-21 17:59:36] INFO: Database connection established {"driver":"mysql","host":"db","database":"block_cms","connection_time":"2.11ms"}
[2025-09-21 17:59:49] INFO: Database connection established {"driver":"mysql","host":"db","database":"block_cms","connection_time":"0.75ms"}
[2025-09-21 18:00:05] INFO: Database connection established {"driver":"mysql","host":"db","database":"block_cms","connection_time":"0.7ms"}
[2025-09-21 18:00:22] INFO: Database connection established {"driver":"mysql","host":"db","database":"block_cms","connection_time":"1.17ms"}
[2025-09-21 18:00:39] INFO: Database connection established {"driver":"mysql","host":"db","database":"block_cms","connection_time":"1.85ms"}
[2025-09-21 18:02:53] INFO: Database connection established {"driver":"mysql","host":"db","database":"block_cms","connection_time":"0.96ms"}
[2025-09-21 18:03:14] INFO: Database connection established {"driver":"mysql","host":"db","database":"block_cms","connection_time":"1.09ms"}
[2025-09-21 18:03:25] INFO: Database connection established {"driver":"mysql","host":"db","database":"block_cms","connection_time":"0.9ms"}
[2025-09-21 18:03:35] INFO: Database connection established {"driver":"mysql","host":"db","database":"block_cms","connection_time":"0.95ms"}
[2025-09-21 18:03:43] INFO: Database connection established {"driver":"mysql","host":"db","database":"block_cms","connection_time":"1.05ms"}
[2025-09-21 18:04:23] INFO: Database connection established {"driver":"mysql","host":"db","database":"block_cms","connection_time":"1.18ms"}
[2025-09-21 18:04:37] INFO: Database connection established {"driver":"mysql","host":"db","database":"block_cms","connection_time":"3.31ms"}
[2025-09-21 18:04:54] INFO: Database connection established {"driver":"mysql","host":"db","database":"block_cms","connection_time":"0.85ms"}
[2025-09-21 18:05:11] INFO: Database connection established {"driver":"mysql","host":"db","database":"block_cms","connection_time":"0.61ms"}
[2025-09-21 18:05:40] INFO: Database connection established {"driver":"mysql","host":"db","database":"block_cms","connection_time":"1.74ms"}
[2025-09-21 18:06:01] INFO: Database connection established {"driver":"mysql","host":"db","database":"block_cms","connection_time":"0.87ms"}
[2025-09-21 18:06:03] INFO: Database connection established {"driver":"mysql","host":"db","database":"block_cms","connection_time":"1.74ms"}
[2025-09-21 18:06:20] INFO: Database connection established {"driver":"mysql","host":"db","database":"block_cms","connection_time":"1.33ms"}
[2025-09-21 18:07:05] INFO: Database connection established {"driver":"mysql","host":"db","database":"block_cms","connection_time":"1.37ms"}
[2025-09-21 18:07:08] INFO: Database connection established {"driver":"mysql","host":"db","database":"block_cms","connection_time":"1.05ms"}
[2025-09-21 18:07:32] INFO: Database connection established {"driver":"mysql","host":"db","database":"block_cms","connection_time":"1.05ms"}
[2025-09-21 18:07:54] INFO: Database connection established {"driver":"mysql","host":"db","database":"block_cms","connection_time":"0.88ms"}
[2025-09-21 18:10:28] INFO: Database connection established {"driver":"mysql","host":"db","database":"block_cms","connection_time":"1.05ms"}
[2025-09-21 18:10:39] INFO: Database connection established {"driver":"mysql","host":"db","database":"block_cms","connection_time":"0.97ms"}
[2025-09-21 18:10:53] INFO: Database connection established {"driver":"mysql","host":"db","database":"block_cms","connection_time":"1.07ms"}
[2025-09-21 18:11:06] INFO: Database connection established {"driver":"mysql","host":"db","database":"block_cms","connection_time":"1.18ms"}
[2025-09-21 18:11:36] INFO: Database connection established {"driver":"mysql","host":"db","database":"block_cms","connection_time":"0.99ms"}
[2025-09-21 18:11:56] INFO: Database connection established {"driver":"mysql","host":"db","database":"block_cms","connection_time":"0.76ms"}
[2025-09-21 18:12:05] INFO: Database connection established {"driver":"mysql","host":"db","database":"block_cms","connection_time":"2.23ms"}
[2025-09-21 18:12:16] INFO: Database connection established {"driver":"mysql","host":"db","database":"block_cms","connection_time":"1.12ms"}
[2025-09-21 18:12:30] INFO: Database connection established {"driver":"mysql","host":"db","database":"block_cms","connection_time":"1ms"}
[2025-09-21 18:12:45] INFO: Database connection established {"driver":"mysql","host":"db","database":"block_cms","connection_time":"0.93ms"}
[2025-09-21 18:14:46] INFO: Database connection established {"driver":"mysql","host":"db","database":"block_cms","connection_time":"1.52ms"}
[2025-09-21 18:14:53] INFO: Database connection established {"driver":"mysql","host":"db","database":"block_cms","connection_time":"0.91ms"}
[2025-09-21 18:15:12] INFO: Database connection established {"driver":"mysql","host":"db","database":"block_cms","connection_time":"1.39ms"}
[2025-09-21 18:15:29] INFO: Database connection established {"driver":"mysql","host":"db","database":"block_cms","connection_time":"1.52ms"}
[2025-09-21 18:15:42] INFO: Database connection established {"driver":"mysql","host":"db","database":"block_cms","connection_time":"1.01ms"}
[2025-09-21 18:17:21] INFO: Database connection established {"driver":"mysql","host":"db","database":"block_cms","connection_time":"0.96ms"}
[2025-09-21 18:17:54] INFO: Database connection established {"driver":"mysql","host":"db","database":"block_cms","connection_time":"1.07ms"}
[2025-09-21 18:18:20] INFO: Database connection established {"driver":"mysql","host":"db","database":"block_cms","connection_time":"0.99ms"}
[2025-09-21 18:19:37] INFO: Database connection established {"driver":"mysql","host":"db","database":"block_cms","connection_time":"1.36ms"}
[2025-09-21 18:21:15] INFO: Database connection established {"driver":"mysql","host":"db","database":"block_cms","connection_time":"1.28ms"}
[2025-09-21 18:24:25] INFO: Database connection established {"driver":"mysql","host":"db","database":"block_cms","connection_time":"1.24ms"}
[2025-09-21 18:25:00] INFO: Database connection established {"driver":"mysql","host":"db","database":"block_cms","connection_time":"1.71ms"}
[2025-09-21 18:25:17] INFO: Database connection established {"driver":"mysql","host":"db","database":"block_cms","connection_time":"1.12ms"}
[2025-09-21 18:25:30] INFO: Database connection established {"driver":"mysql","host":"db","database":"block_cms","connection_time":"1.09ms"}
[2025-09-21 18:25:43] INFO: Database connection established {"driver":"mysql","host":"db","database":"block_cms","connection_time":"0.98ms"}
[2025-09-21 18:25:52] INFO: Database connection established {"driver":"mysql","host":"db","database":"block_cms","connection_time":"1.91ms"}
[2025-09-21 18:26:09] INFO: Database connection established {"driver":"mysql","host":"db","database":"block_cms","connection_time":"1.79ms"}
[2025-09-21 18:27:59] INFO: Database connection established {"driver":"mysql","host":"db","database":"block_cms","connection_time":"1.52ms"}
[2025-09-21 18:31:53] INFO: Database connection established {"driver":"mysql","host":"db","database":"block_cms","connection_time":"1.65ms"}
[2025-09-21 18:35:01] INFO: Database connection established {"driver":"mysql","host":"db","database":"block_cms","connection_time":"0.88ms"}
[2025-09-21 18:35:28] INFO: Database connection established {"driver":"mysql","host":"db","database":"block_cms","connection_time":"1.14ms"}
[2025-09-21 18:37:13] INFO: Database connection established {"driver":"mysql","host":"db","database":"block_cms","connection_time":"1.11ms"}
[2025-09-21 18:37:31] INFO: Database connection established {"driver":"mysql","host":"db","database":"block_cms","connection_time":"0.96ms"}
[2025-09-21 18:38:13] INFO: Database connection established {"driver":"mysql","host":"db","database":"block_cms","connection_time":"1ms"}
[2025-09-21 18:41:03] INFO: Database connection established {"driver":"mysql","host":"db","database":"block_cms","connection_time":"0.89ms"}
[2025-09-21 18:41:40] INFO: Database connection established {"driver":"mysql","host":"db","database":"block_cms","connection_time":"1.11ms"}
[2025-09-21 18:42:12] INFO: Database connection established {"driver":"mysql","host":"db","database":"block_cms","connection_time":"1.27ms"}
[2025-09-21 18:42:54] INFO: Database connection established {"driver":"mysql","host":"db","database":"block_cms","connection_time":"0.88ms"}
[2025-09-21 18:44:14] INFO: Database connection established {"driver":"mysql","host":"db","database":"block_cms","connection_time":"1.49ms"}
[2025-09-21 18:44:36] INFO: Database connection established {"driver":"mysql","host":"db","database":"block_cms","connection_time":"1.32ms"}
[2025-09-21 18:45:30] INFO: Database connection established {"driver":"mysql","host":"db","database":"block_cms","connection_time":"1.52ms"}
[2025-09-21 18:45:51] INFO: Database connection established {"driver":"mysql","host":"db","database":"block_cms","connection_time":"1.06ms"}
[2025-09-21 18:46:11] INFO: Database connection established {"driver":"mysql","host":"db","database":"block_cms","connection_time":"1.35ms"}
[2025-09-21 18:46:26] INFO: Database connection established {"driver":"mysql","host":"db","database":"block_cms","connection_time":"0.92ms"}
[2025-09-21 18:46:35] INFO: Database connection established {"driver":"mysql","host":"db","database":"block_cms","connection_time":"1.22ms"}
[2025-09-21 18:46:56] INFO: Database connection established {"driver":"mysql","host":"db","database":"block_cms","connection_time":"1.62ms"}
[2025-09-21 18:47:05] INFO: Database connection established {"driver":"mysql","host":"db","database":"block_cms","connection_time":"0.86ms"}
[2025-09-21 18:47:16] INFO: Database connection established {"driver":"mysql","host":"db","database":"block_cms","connection_time":"0.94ms"}
[2025-09-21 18:47:51] INFO: Database connection established {"driver":"mysql","host":"db","database":"block_cms","connection_time":"1.11ms"}
[2025-09-21 18:48:16] INFO: Database connection established {"driver":"mysql","host":"db","database":"block_cms","connection_time":"0.86ms"}
[2025-09-21 18:48:33] INFO: Database connection established {"driver":"mysql","host":"db","database":"block_cms","connection_time":"1.13ms"}
[2025-09-21 18:49:01] INFO: Database connection established {"driver":"mysql","host":"db","database":"block_cms","connection_time":"0.95ms"}
[2025-09-21 18:49:20] INFO: Database connection established {"driver":"mysql","host":"db","database":"block_cms","connection_time":"0.97ms"}
[2025-09-21 18:51:20] INFO: Database connection established {"driver":"mysql","host":"db","database":"block_cms","connection_time":"0.92ms"}
[2025-09-21 18:51:29] INFO: Database connection established {"driver":"mysql","host":"db","database":"block_cms","connection_time":"1.53ms"}
[2025-09-21 18:51:42] INFO: Database connection established {"driver":"mysql","host":"db","database":"block_cms","connection_time":"1.63ms"}
[2025-09-21 18:52:09] INFO: Database connection established {"driver":"mysql","host":"db","database":"block_cms","connection_time":"1.31ms"}
[2025-09-21 18:54:35] INFO: Database connection established {"driver":"mysql","host":"db","database":"block_cms","connection_time":"0.91ms"}
[2025-09-21 18:55:16] INFO: Database connection established {"driver":"mysql","host":"db","database":"block_cms","connection_time":"1.02ms"}
[2025-09-21 18:56:09] INFO: Database connection established {"driver":"mysql","host":"db","database":"block_cms","connection_time":"0.99ms"}
[2025-09-21 18:57:14] INFO: Database connection established {"driver":"mysql","host":"db","database":"block_cms","connection_time":"1.29ms"}
[2025-09-21 18:58:05] INFO: Database connection established {"driver":"mysql","host":"db","database":"block_cms","connection_time":"1.29ms"}
[2025-09-21 18:58:24] INFO: Database connection established {"driver":"mysql","host":"db","database":"block_cms","connection_time":"1.62ms"}
[2025-09-21 18:58:52] INFO: Database connection established {"driver":"mysql","host":"db","database":"block_cms","connection_time":"1.33ms"}
[2025-09-21 18:59:33] INFO: Database connection established {"driver":"mysql","host":"db","database":"block_cms","connection_time":"1.53ms"}
[2025-09-21 18:59:42] INFO: Database connection established {"driver":"mysql","host":"db","database":"block_cms","connection_time":"1.64ms"}
[2025-09-21 19:00:02] INFO: Database connection established {"driver":"mysql","host":"db","database":"block_cms","connection_time":"1.28ms"}
[2025-09-21 19:01:01] INFO: Database connection established {"driver":"mysql","host":"db","database":"block_cms","connection_time":"0.95ms"}
[2025-09-21 19:01:10] INFO: Database connection established {"driver":"mysql","host":"db","database":"block_cms","connection_time":"1.31ms"}
[2025-09-21 19:02:29] INFO: Database connection established {"driver":"mysql","host":"db","database":"block_cms","connection_time":"1.83ms"}
[2025-09-21 19:02:58] INFO: Database connection established {"driver":"mysql","host":"db","database":"block_cms","connection_time":"0.9ms"}
[2025-09-21 19:03:23] INFO: Database connection established {"driver":"mysql","host":"db","database":"block_cms","connection_time":"0.78ms"}
[2025-09-21 19:04:00] INFO: Database connection established {"driver":"mysql","host":"db","database":"block_cms","connection_time":"1.47ms"}
[2025-09-21 19:04:21] INFO: Database connection established {"driver":"mysql","host":"db","database":"block_cms","connection_time":"0.9ms"}
[2025-09-21 19:04:49] INFO: Database connection established {"driver":"mysql","host":"db","database":"block_cms","connection_time":"1.48ms"}
[2025-09-21 19:05:12] INFO: Database connection established {"driver":"mysql","host":"db","database":"block_cms","connection_time":"1ms"}
[2025-09-21 19:05:25] INFO: Database connection established {"driver":"mysql","host":"db","database":"block_cms","connection_time":"0.9ms"}
[2025-09-21 19:05:40] INFO: Database connection established {"driver":"mysql","host":"db","database":"block_cms","connection_time":"1.57ms"}
[2025-09-21 19:06:19] INFO: Database connection established {"driver":"mysql","host":"db","database":"block_cms","connection_time":"0.65ms"}
[2025-09-21 19:06:51] INFO: Database connection established {"driver":"mysql","host":"db","database":"block_cms","connection_time":"2.24ms"}
